// Jest Snapshot v1, https://goo.gl/fbAQLP

exports[`The User Model should match the snapshopt 1`] = `
Object {
  "email": "fay_hermann42@example.com",
  "firstName": "Fay",
  "id": 1,
  "lastName": "Hermann",
  "role": "user",
  "token": null,
  "username": "fay.hermann",
}
`;
